
> my-v0-project@0.1.0 build
> next build

node.exe : [baseline-br
owser-mapping] The 
data in this module is 
over two months old.  
To ensure accurate 
Baseline data, please 
update: `npm i baseline
-browser-mapping@latest
 -D`
At C:\Program Files\nod
ejs\npm.ps1:29 char:3
+   & $NODE_EXE 
$NPM_CLI_JS $args
+   ~~~~~~~~~~~~~~~~~~~
~~~~~~~~~~
    + CategoryInfo     
         : NotSpecifi  
  ed: ([baseline-bro   
 ws...ping@latest -    
D`:String) [], Rem    
oteException
    + FullyQualifiedEr 
   rorId : NativeComm  
  andError
 
   Γû▓ Next.js 16.0.10 (Turbopack)
   - Environments: .env

 ΓÜá The "middleware" 
file convention is 
deprecated. Please use 
"proxy" instead. Learn 
more: https://nextjs.or
g/docs/messages/middlew
are-to-proxy
   Creating an optimized production build ...
[baseline-browser-mappi
ng] The data in this 
module is over two 
months old.  To ensure 
accurate Baseline 
data, please update: 
`npm i baseline-browser
-mapping@latest -D`
 Γ£ô Compiled successfully in 23.8s
   Skipping validation of types
   Collecting page data using 7 workers ...
[baseline-browser-mappi
ng] The data in this 
module is over two 
months old.  To ensure 
accurate Baseline 
data, please update: 
`npm i baseline-browser
-mapping@latest -D`
[baseline-browser-mappi
ng] The data in this 
module is over two 
months old.  To ensure 
accurate Baseline 
data, please update: 
`npm i baseline-browser
-mapping@latest -D`
[baseline-browser-mappi
ng] The data in this 
module is over two 
months old.  To ensure 
accurate Baseline 
data, please update: 
`npm i baseline-browser
-mapping@latest -D`
[baseline-browser-mappi
ng] The data in this 
module is over two 
months old.  To ensure 
accurate Baseline 
data, please update: 
`npm i baseline-browser
-mapping@latest -D`
[baseline-browser-mappi
ng] The data in this 
module is over two 
months old.  To ensure 
accurate Baseline 
data, please update: 
`npm i baseline-browser
-mapping@latest -D`
[baseline-browser-mappi
ng] The data in this 
module is over two 
months old.  To ensure 
accurate Baseline 
data, please update: 
`npm i baseline-browser
-mapping@latest -D`
[baseline-browser-mappi
ng] The data in this 
module is over two 
months old.  To ensure 
accurate Baseline 
data, please update: 
`npm i baseline-browser
-mapping@latest -D`
Error: Neither apiKey 
nor 
config.authenticator 
provided
    at module 
evaluation 
(C:\Users\Stephen Macha
ria\Desktop\yazzil2\.ne
xt\server\chunks\[root-
of-the-server]__d956a1b
6._.js:1:16696)
    at 
instantiateModule 
(C:\Users\Stephen Macha
ria\Desktop\yazzil2\.ne
xt\server\chunks\[turbo
pack]_runtime.js:715:9)
    at instantiateRunti
meModule 
(C:\Users\Stephen Macha
ria\Desktop\yazzil2\.ne
xt\server\chunks\[turbo
pack]_runtime.js:743:12
)
    at getOrInstantiate
RuntimeModule 
(C:\Users\Stephen Macha
ria\Desktop\yazzil2\.ne
xt\server\chunks\[turbo
pack]_runtime.js:756:12
)
    at Object.m 
(C:\Users\Stephen Macha
ria\Desktop\yazzil2\.ne
xt\server\chunks\[turbo
pack]_runtime.js:765:18
)
    at 
Object.<anonymous> 
(C:\Users\Stephen Macha
ria\Desktop\yazzil2\.ne
xt\server\app\(protecte
d)\api\billing\stats\ro
ute.js:10:3)
Options object must 
provide a cluster
Options object must 
provide a cluster
Error: Neither apiKey 
nor 
config.authenticator 
provided
    at module 
evaluation 
(C:\Users\Stephen Macha
ria\Desktop\yazzil2\.ne
xt\server\chunks\[root-
of-the-server]__f3e698d
8._.js:1:10801)
    at 
instantiateModule 
(C:\Users\Stephen Macha
ria\Desktop\yazzil2\.ne
xt\server\chunks\[turbo
pack]_runtime.js:715:9)
    at instantiateRunti
meModule 
(C:\Users\Stephen Macha
ria\Desktop\yazzil2\.ne
xt\server\chunks\[turbo
pack]_runtime.js:743:12
)
    at getOrInstantiate
RuntimeModule 
(C:\Users\Stephen Macha
ria\Desktop\yazzil2\.ne
xt\server\chunks\[turbo
pack]_runtime.js:756:12
)
    at Object.m 
(C:\Users\Stephen Macha
ria\Desktop\yazzil2\.ne
xt\server\chunks\[turbo
pack]_runtime.js:765:18
)
    at 
Object.<anonymous> 
(C:\Users\Stephen Macha
ria\Desktop\yazzil2\.ne
xt\server\app\(protecte
d)\api\payment-methods\
delete\route.js:10:3)
Options object must 
provide a cluster
Error: Neither apiKey 
nor 
config.authenticator 
provided
    at module 
evaluation 
(C:\Users\Stephen Macha
ria\Desktop\yazzil2\.ne
xt\server\chunks\[root-
of-the-server]__763552a
2._.js:1:16696)
    at 
instantiateModule 
(C:\Users\Stephen Macha
ria\Desktop\yazzil2\.ne
xt\server\chunks\[turbo
pack]_runtime.js:715:9)
    at instantiateRunti
meModule 
(C:\Users\Stephen Macha
ria\Desktop\yazzil2\.ne
xt\server\chunks\[turbo
pack]_runtime.js:743:12
)
    at getOrInstantiate
RuntimeModule 
(C:\Users\Stephen Macha
ria\Desktop\yazzil2\.ne
xt\server\chunks\[turbo
pack]_runtime.js:756:12
)
    at Object.m 
(C:\Users\Stephen Macha
ria\Desktop\yazzil2\.ne
xt\server\chunks\[turbo
pack]_runtime.js:765:18
)
    at 
Object.<anonymous> 
(C:\Users\Stephen Macha
ria\Desktop\yazzil2\.ne
xt\server\app\(protecte
d)\api\payment-methods\
list\route.js:10:3)
Error: Neither apiKey 
nor 
config.authenticator 
provided
    at module 
evaluation 
(C:\Users\Stephen Macha
ria\Desktop\yazzil2\.ne
xt\server\chunks\[root-
of-the-server]__0640300
f._.js:1:16696)
    at 
instantiateModule 
(C:\Users\Stephen Macha
ria\Desktop\yazzil2\.ne
xt\server\chunks\[turbo
pack]_runtime.js:715:9)
    at instantiateRunti
meModule 
(C:\Users\Stephen Macha
ria\Desktop\yazzil2\.ne
xt\server\chunks\[turbo
pack]_runtime.js:743:12
)
    at getOrInstantiate
RuntimeModule 
(C:\Users\Stephen Macha
ria\Desktop\yazzil2\.ne
xt\server\chunks\[turbo
pack]_runtime.js:756:12
)
    at Object.m 
(C:\Users\Stephen Macha
ria\Desktop\yazzil2\.ne
xt\server\chunks\[turbo
pack]_runtime.js:765:18
)
    at 
Object.<anonymous> 
(C:\Users\Stephen Macha
ria\Desktop\yazzil2\.ne
xt\server\app\(protecte
d)\api\payment-methods\
set-default\route.js:10
:3)
Error: Neither apiKey 
nor 
config.authenticator 
provided
    at module 
evaluation 
(C:\Users\Stephen Macha
ria\Desktop\yazzil2\.ne
xt\server\chunks\[root-
of-the-server]__ef4c571
3._.js:1:16696)
    at 
instantiateModule 
(C:\Users\Stephen Macha
ria\Desktop\yazzil2\.ne
xt\server\chunks\[turbo
pack]_runtime.js:715:9)
    at instantiateRunti
meModule 
(C:\Users\Stephen Macha
ria\Desktop\yazzil2\.ne
xt\server\chunks\[turbo
pack]_runtime.js:743:12
)
    at getOrInstantiate
RuntimeModule 
(C:\Users\Stephen Macha
ria\Desktop\yazzil2\.ne
xt\server\chunks\[turbo
pack]_runtime.js:756:12
)
    at Object.m 
(C:\Users\Stephen Macha
ria\Desktop\yazzil2\.ne
xt\server\chunks\[turbo
pack]_runtime.js:765:18
)
    at 
Object.<anonymous> 
(C:\Users\Stephen Macha
ria\Desktop\yazzil2\.ne
xt\server\app\(protecte
d)\api\payment-methods\
add\route.js:10:3)
Error: Neither apiKey 
nor 
config.authenticator 
provided
    at module 
evaluation 
(C:\Users\Stephen Macha
ria\Desktop\yazzil2\.ne
xt\server\chunks\[root-
of-the-server]__7b25903
a._.js:1:16696)
    at 
instantiateModule 
(C:\Users\Stephen Macha
ria\Desktop\yazzil2\.ne
xt\server\chunks\[turbo
pack]_runtime.js:715:9)
    at instantiateRunti
meModule 
(C:\Users\Stephen Macha
ria\Desktop\yazzil2\.ne
xt\server\chunks\[turbo
pack]_runtime.js:743:12
)
    at getOrInstantiate
RuntimeModule 
(C:\Users\Stephen Macha
ria\Desktop\yazzil2\.ne
xt\server\chunks\[turbo
pack]_runtime.js:756:12
)
    at Object.m 
(C:\Users\Stephen Macha
ria\Desktop\yazzil2\.ne
xt\server\chunks\[turbo
pack]_runtime.js:765:18
)
    at 
Object.<anonymous> 
(C:\Users\Stephen Macha
ria\Desktop\yazzil2\.ne
xt\server\app\(protecte
d)\api\subscriptions\do
wngrade\route.js:10:3)
Error: Neither apiKey 
nor 
config.authenticator 
provided
    at module 
evaluation 
(C:\Users\Stephen Macha
ria\Desktop\yazzil2\.ne
xt\server\chunks\[root-
of-the-server]__4d5b83c
4._.js:1:16696)
    at 
instantiateModule 
(C:\Users\Stephen Macha
ria\Desktop\yazzil2\.ne
xt\server\chunks\[turbo
pack]_runtime.js:715:9)
    at instantiateRunti
meModule 
(C:\Users\Stephen Macha
ria\Desktop\yazzil2\.ne
xt\server\chunks\[turbo
pack]_runtime.js:743:12
)
    at getOrInstantiate
RuntimeModule 
(C:\Users\Stephen Macha
ria\Desktop\yazzil2\.ne
xt\server\chunks\[turbo
pack]_runtime.js:756:12
)
    at Object.m 
(C:\Users\Stephen Macha
ria\Desktop\yazzil2\.ne
xt\server\chunks\[turbo
pack]_runtime.js:765:18
)
    at 
Object.<anonymous> 
(C:\Users\Stephen Macha
ria\Desktop\yazzil2\.ne
xt\server\app\(protecte
d)\api\subscriptions\cu
rrent\route.js:10:3)

> Build error occurred
Error: Failed to 
collect page data for 
/api/billing/stats
    at ignore-listed 
frames {
  type: 'Error'
}
